error_rate=0.0000
